[    0.000000] Linux version 4.15.0-135-generic (buildd@lgw01-amd64-005) (gcc version 7.5.0 (Ubuntu 7.5.0-3ubuntu1~18.04)) #139-Ubuntu SMP Mon Jan 18 17:38:24 UTC 2021 (Ubuntu 4.15.0-135.139-generic 4.15.18)
[    0.000000] Command line: BOOT_IMAGE=/boot/vmlinuz-4.15.0-135-generic root=LABEL=cloudimg-rootfs ro console=tty1 console=ttyS0
[    0.000000] KERNEL supported cpus:
[    0.000000]   Intel GenuineIntel
[    0.000000]   AMD AuthenticAMD
[    0.000000]   Centaur CentaurHauls
[    0.000000] x86/fpu: Supporting XSAVE feature 0x001: 'x87 floating point registers'
[    0.000000] x86/fpu: Supporting XSAVE feature 0x002: 'SSE registers'
[    0.000000] x86/fpu: Supporting XSAVE feature 0x004: 'AVX registers'
[    0.000000] x86/fpu: xstate_offset[2]:  576, xstate_sizes[2]:  256
[    0.000000] x86/fpu: Enabled xstate features 0x7, context size is 832 bytes, using 'standard' format.
[    0.000000] e820: BIOS-provided physical RAM map:
[    0.000000] BIOS-e820: [mem 0x0000000000000000-0x000000000009fbff] usable
[    0.000000] BIOS-e820: [mem 0x000000000009fc00-0x000000000009ffff] reserved
[    0.000000] BIOS-e820: [mem 0x00000000000f0000-0x00000000000fffff] reserved
[    0.000000] BIOS-e820: [mem 0x0000000000100000-0x000000007ffeffff] usable
[    0.000000] BIOS-e820: [mem 0x000000007fff0000-0x000000007fffffff] ACPI data
[    0.000000] BIOS-e820: [mem 0x00000000fec00000-0x00000000fec00fff] reserved
[    0.000000] BIOS-e820: [mem 0x00000000fee00000-0x00000000fee00fff] reserved
[    0.000000] BIOS-e820: [mem 0x00000000fffc0000-0x00000000ffffffff] reserved
[    0.000000] NX (Execute Disable) protection: active
[    0.000000] SMBIOS 2.5 present.
[    0.000000] DMI: innotek GmbH VirtualBox/VirtualBox, BIOS VirtualBox 12/01/2006
[    0.000000] Hypervisor detected: KVM
[    0.000000] e820: last_pfn = 0x7fff0 max_arch_pfn = 0x400000000
[    0.000000] MTRR: Disabled
[    0.000000] x86/PAT: MTRRs disabled, skipping PAT initialization too.
[    0.000000] CPU MTRRs all blank - virtualized system.
[    0.000000] x86/PAT: Configuration [0-7]: WB  WT  UC- UC  WB  WT  UC- UC  
[    0.000000] found SMP MP-table at [mem 0x0009fff0-0x0009ffff]
[    0.000000] Scanning 1 areas for low memory corruption
[    0.000000] RAMDISK: [mem 0x35a63000-0x36d28fff]
[    0.000000] ACPI: Early table checksum verification disabled
[    0.000000] ACPI: RSDP 0x00000000000E0000 000024 (v02 VBOX  )
[    0.000000] ACPI: XSDT 0x000000007FFF0030 00003C (v01 VBOX   VBOXXSDT 00000001 ASL  00000061)
[    0.000000] ACPI: FACP 0x000000007FFF00F0 0000F4 (v04 VBOX   VBOXFACP 00000001 ASL  00000061)
[    0.000000] ACPI: DSDT 0x000000007FFF0470 002325 (v02 VBOX   VBOXBIOS 00000002 INTL 20120111)
[    0.000000] ACPI: FACS 0x000000007FFF0200 000040
[    0.000000] ACPI: FACS 0x000000007FFF0200 000040
[    0.000000] ACPI: APIC 0x000000007FFF0240 00005C (v02 VBOX   VBOXAPIC 00000001 ASL  00000061)
[    0.000000] ACPI: SSDT 0x000000007FFF02A0 0001CC (v01 VBOX   VBOXCPUT 00000002 INTL 20120111)
[    0.000000] No NUMA configuration found
[    0.000000] Faking a node at [mem 0x0000000000000000-0x000000007ffeffff]
[    0.000000] NODE_DATA(0) allocated [mem 0x7ffc5000-0x7ffeffff]
[    0.000000] kvm-clock: cpu 0, msr 0:7ff44001, primary cpu clock
[    0.000000] kvm-clock: Using msrs 4b564d01 and 4b564d00
[    0.000000] kvm-clock: using sched offset of 3942775459 cycles
[    0.000000] clocksource: kvm-clock: mask: 0xffffffffffffffff max_cycles: 0x1cd42e4dffb, max_idle_ns: 881590591483 ns
[    0.000000] Zone ranges:
[    0.000000]   DMA      [mem 0x0000000000001000-0x0000000000ffffff]
[    0.000000]   DMA32    [mem 0x0000000001000000-0x000000007ffeffff]
[    0.000000]   Normal   empty
[    0.000000]   Device   empty
[    0.000000] Movable zone start for each node
[    0.000000] Early memory node ranges
[    0.000000]   node   0: [mem 0x0000000000001000-0x000000000009efff]
[    0.000000]   node   0: [mem 0x0000000000100000-0x000000007ffeffff]
[    0.000000] Reserved but unavailable: 98 pages
[    0.000000] Initmem setup node 0 [mem 0x0000000000001000-0x000000007ffeffff]
[    0.000000] ACPI: PM-Timer IO Port: 0x4008
[    0.000000] IOAPIC[0]: apic_id 2, version 32, address 0xfec00000, GSI 0-23
[    0.000000] ACPI: INT_SRC_OVR (bus 0 bus_irq 0 global_irq 2 dfl dfl)
[    0.000000] ACPI: INT_SRC_OVR (bus 0 bus_irq 9 global_irq 9 low level)
[    0.000000] Using ACPI (MADT) for SMP configuration information
[    0.000000] smpboot: Allowing 2 CPUs, 0 hotplug CPUs
[    0.000000] PM: Registered nosave memory: [mem 0x00000000-0x00000fff]
[    0.000000] PM: Registered nosave memory: [mem 0x0009f000-0x0009ffff]
[    0.000000] PM: Registered nosave memory: [mem 0x000a0000-0x000effff]
[    0.000000] PM: Registered nosave memory: [mem 0x000f0000-0x000fffff]
[    0.000000] e820: [mem 0x80000000-0xfebfffff] available for PCI devices
[    0.000000] Booting paravirtualized kernel on KVM
[    0.000000] clocksource: refined-jiffies: mask: 0xffffffff max_cycles: 0xffffffff, max_idle_ns: 7645519600211568 ns
[    0.000000] random: get_random_bytes called from start_kernel+0x99/0x500 with crng_init=0
[    0.000000] setup_percpu: NR_CPUS:8192 nr_cpumask_bits:2 nr_cpu_ids:2 nr_node_ids:1
[    0.000000] percpu: Embedded 45 pages/cpu s147456 r8192 d28672 u1048576
[    0.000000] PV qspinlock hash table entries: 256 (order: 0, 4096 bytes)
[    0.000000] Built 1 zonelists, mobility grouping on.  Total pages: 515961
[    0.000000] Policy zone: DMA32
[    0.000000] Kernel command line: BOOT_IMAGE=/boot/vmlinuz-4.15.0-135-generic root=LABEL=cloudimg-rootfs ro console=tty1 console=ttyS0
[    0.000000] Memory: 2015212K/2096696K available (12300K kernel code, 2482K rwdata, 4276K rodata, 2440K init, 2724K bss, 81484K reserved, 0K cma-reserved)
[    0.000000] SLUB: HWalign=64, Order=0-3, MinObjects=0, CPUs=2, Nodes=1
[    0.000000] Kernel/User page tables isolation: enabled
[    0.000000] ftrace: allocating 39422 entries in 154 pages
[    0.004000] Hierarchical RCU implementation.
[    0.004000] 	RCU restricting CPUs from NR_CPUS=8192 to nr_cpu_ids=2.
[    0.004000] 	Tasks RCU enabled.
[    0.004000] RCU: Adjusting geometry for rcu_fanout_leaf=16, nr_cpu_ids=2
[    0.004000] NR_IRQS: 524544, nr_irqs: 440, preallocated irqs: 16
[    0.004000] Console: colour VGA+ 80x25
[    0.004000] console [tty1] enabled
[    0.004000] console [ttyS0] enabled
[    0.004000] ACPI: Core revision 20170831
[    0.004000] ACPI: 2 ACPI AML tables successfully acquired and loaded
[    0.004000] APIC: Switch to symmetric I/O mode setup
[    0.004000] x2apic enabled
[    0.004000] Switched APIC routing to physical x2apic.
[    0.004000] ..TIMER: vector=0x30 apic1=0 pin1=2 apic2=-1 pin2=-1
[    0.004004] tsc: Detected 2304.000 MHz processor
[    0.005139] Calibrating delay loop (skipped) preset value.. 4608.00 BogoMIPS (lpj=9216000)
[    0.005620] pid_max: default: 32768 minimum: 301
[    0.008030] Security Framework initialized
[    0.008783] Yama: becoming mindful.
[    0.009452] AppArmor: AppArmor initialized
[    0.011556] Dentry cache hash table entries: 262144 (order: 9, 2097152 bytes)
[    0.013314] Inode-cache hash table entries: 131072 (order: 8, 1048576 bytes)
[    0.016012] Mount-cache hash table entries: 4096 (order: 3, 32768 bytes)
[    0.017707] Mountpoint-cache hash table entries: 4096 (order: 3, 32768 bytes)
[    0.020238] Last level iTLB entries: 4KB 64, 2MB 8, 4MB 8
[    0.021197] Last level dTLB entries: 4KB 64, 2MB 0, 4MB 0, 1GB 4
[    0.022244] Spectre V1 : Mitigation: usercopy/swapgs barriers and __user pointer sanitization
[    0.023748] Spectre V2 : Mitigation: Full generic retpoline
[    0.024001] Spectre V2 : Spectre v2 / SpectreRSB mitigation: Filling RSB on context switch
[    0.025442] Speculative Store Bypass: Vulnerable
[    0.026304] SRBDS: Unknown: Dependent on hypervisor status
[    0.028001] MDS: Mitigation: Clear CPU buffers
[    0.029258] Freeing SMP alternatives memory: 36K
[    0.140121] smpboot: CPU0: Intel(R) Core(TM) i9-9880H CPU @ 2.30GHz (family: 0x6, model: 0x9e, stepping: 0xd)
[    0.142114] Performance Events: unsupported p6 CPU model 158 no PMU driver, software events only.
[    0.143746] Hierarchical SRCU implementation.
[    0.144493] NMI watchdog: Perf event create on CPU 0 failed with -2
[    0.145896] NMI watchdog: Perf NMI watchdog permanently disabled
[    0.146982] smp: Bringing up secondary CPUs ...
[    0.148063] x86: Booting SMP configuration:
[    0.148840] .... node  #0, CPUs:      #1
[    0.004000] kvm-clock: cpu 1, msr 0:7ff44041, secondary cpu clock
[    0.152017] smp: Brought up 1 node, 2 CPUs
[    0.153208] smpboot: Max logical packages: 1
[    0.153999] smpboot: Total of 2 processors activated (9216.00 BogoMIPS)
[    0.156124] devtmpfs: initialized
[    0.156690] x86/mm: Memory block size: 128MB
[    0.157615] evm: security.selinux
[    0.158231] evm: security.SMACK64
[    0.158894] evm: security.SMACK64EXEC
[    0.159565] evm: security.SMACK64TRANSMUTE
[    0.160002] evm: security.SMACK64MMAP
[    0.160728] evm: security.apparmor
[    0.161369] evm: security.ima
[    0.161930] evm: security.capability
[    0.164119] clocksource: jiffies: mask: 0xffffffff max_cycles: 0xffffffff, max_idle_ns: 7645041785100000 ns
[    0.166199] futex hash table entries: 512 (order: 3, 32768 bytes)
[    0.167321] pinctrl core: initialized pinctrl subsystem
[    0.168097] RTC time: 18:11:58, date: 02/16/21
[    0.169125] NET: Registered protocol family 16
[    0.170047] audit: initializing netlink subsys (disabled)
[    0.171088] audit: type=2000 audit(1613499123.309:1): state=initialized audit_enabled=0 res=1
[    0.172011] cpuidle: using governor ladder
[    0.172830] cpuidle: using governor menu
[    0.173601] ACPI: bus type PCI registered
[    0.176009] acpiphp: ACPI Hot Plug PCI Controller Driver version: 0.5
[    0.177363] PCI: Using configuration type 1 for base access
[    0.180033] HugeTLB registered 2.00 MiB page size, pre-allocated 0 pages
[    0.181212] ACPI: Added _OSI(Module Device)
[    0.181212] ACPI: Added _OSI(Processor Device)
[    0.184003] ACPI: Added _OSI(3.0 _SCP Extensions)
[    0.184952] ACPI: Added _OSI(Processor Aggregator Device)
[    0.186002] ACPI: Added _OSI(Linux-Dell-Video)
[    0.186848] ACPI: Added _OSI(Linux-Lenovo-NV-HDMI-Audio)
[    0.187810] ACPI: Added _OSI(Linux-HPI-Hybrid-Graphics)
[    0.188340] ACPI: Executed 1 blocks of module-level executable AML code
[    0.192882] ACPI: Interpreter enabled
[    0.193568] ACPI: (supports S0 S5)
[    0.194244] ACPI: Using IOAPIC for interrupt routing
[    0.195339] PCI: Using host bridge windows from ACPI; if necessary, use "pci=nocrs" and report a bug
[    0.196183] ACPI: Enabled 2 GPEs in block 00 to 07
[    0.204999] ACPI: PCI Root Bridge [PCI0] (domain 0000 [bus 00-ff])
[    0.206175] acpi PNP0A03:00: _OSC: OS supports [ASPM ClockPM Segments MSI]
[    0.207808] acpi PNP0A03:00: _OSC: not requesting OS control; OS requires [ExtendedConfig ASPM ClockPM MSI]
[    0.208011] acpi PNP0A03:00: fail to add MMCONFIG information, can't access extended PCI configuration space under this bridge.
[    0.212033] PCI host bridge to bus 0000:00
[    0.212811] pci_bus 0000:00: root bus resource [io  0x0000-0x0cf7 window]
[    0.213978] pci_bus 0000:00: root bus resource [io  0x0d00-0xffff window]
[    0.215148] pci_bus 0000:00: root bus resource [mem 0x000a0000-0x000bffff window]
[    0.216002] pci_bus 0000:00: root bus resource [mem 0x80000000-0xfdffffff window]
[    0.217422] pci_bus 0000:00: root bus resource [bus 00-ff]
[    0.221269] pci 0000:00:01.1: legacy IDE quirk: reg 0x10: [io  0x01f0-0x01f7]
[    0.222754] pci 0000:00:01.1: legacy IDE quirk: reg 0x14: [io  0x03f6]
[    0.224003] pci 0000:00:01.1: legacy IDE quirk: reg 0x18: [io  0x0170-0x0177]
[    0.225814] pci 0000:00:01.1: legacy IDE quirk: reg 0x1c: [io  0x0376]
[    0.243124] pci 0000:00:07.0: quirk: [io  0x4000-0x403f] claimed by PIIX4 ACPI
[    0.244019] pci 0000:00:07.0: quirk: [io  0x4100-0x410f] claimed by PIIX4 SMB
[    0.260300] ACPI: PCI Interrupt Link [LNKA] (IRQs 5 9 10 *11)
[    0.261682] ACPI: PCI Interrupt Link [LNKB] (IRQs 5 9 *10 11)
[    0.262890] ACPI: PCI Interrupt Link [LNKC] (IRQs 5 *9 10 11)
[    0.264051] ACPI: PCI Interrupt Link [LNKD] (IRQs 5 9 10 *11)
[    0.265576] SCSI subsystem initialized
[    0.266313] pci 0000:00:02.0: vgaarb: setting as boot VGA device
[    0.266313] pci 0000:00:02.0: vgaarb: VGA device added: decodes=io+mem,owns=io+mem,locks=none
[    0.268009] pci 0000:00:02.0: vgaarb: bridge control possible
[    0.269041] vgaarb: loaded
[    0.269589] ACPI: bus type USB registered
[    0.272025] usbcore: registered new interface driver usbfs
[    0.273037] usbcore: registered new interface driver hub
[    0.273997] usbcore: registered new device driver usb
[    0.274932] EDAC MC: Ver: 3.0.0
[    0.276178] PCI: Using ACPI for IRQ routing
[    0.277091] NetLabel: Initializing
[    0.277734] NetLabel:  domain hash size = 128
[    0.278519] NetLabel:  protocols = UNLABELED CIPSOv4 CALIPSO
[    0.279547] NetLabel:  unlabeled traffic allowed by default
[    0.280149] clocksource: Switched to clocksource kvm-clock
[    0.293490] VFS: Disk quotas dquot_6.6.0
[    0.294259] VFS: Dquot-cache hash table entries: 512 (order 0, 4096 bytes)
[    0.295622] AppArmor: AppArmor Filesystem Enabled
[    0.296568] pnp: PnP ACPI init
[    0.298666] pnp: PnP ACPI: found 3 devices
[    0.309176] clocksource: acpi_pm: mask: 0xffffff max_cycles: 0xffffff, max_idle_ns: 2085701024 ns
[    0.311092] NET: Registered protocol family 2
[    0.312029] TCP established hash table entries: 16384 (order: 5, 131072 bytes)
[    0.313825] TCP bind hash table entries: 16384 (order: 6, 262144 bytes)
[    0.315045] TCP: Hash tables configured (established 16384 bind 16384)
[    0.317942] UDP hash table entries: 1024 (order: 3, 32768 bytes)
[    0.319107] UDP-Lite hash table entries: 1024 (order: 3, 32768 bytes)
[    0.320310] NET: Registered protocol family 1
[    0.321119] pci 0000:00:00.0: Limiting direct PCI/PCI transfers
[    0.322210] pci 0000:00:01.0: Activating ISA DMA hang workarounds
[    0.323386] pci 0000:00:02.0: Video device with shadowed ROM at [mem 0x000c0000-0x000dffff]
[    0.325259] Unpacking initramfs...
[    0.594542] Freeing initrd memory: 19224K
[    0.595389] clocksource: tsc: mask: 0xffffffffffffffff max_cycles: 0x2135f7c97c8, max_idle_ns: 440795273205 ns
[    0.597183] platform rtc_cmos: registered platform RTC device (no PNP device found)
[    0.598640] Scanning for low memory corruption every 60 seconds
[    0.600917] Initialise system trusted keyrings
[    0.601894] Key type blacklist registered
[    0.602909] workingset: timestamp_bits=36 max_order=19 bucket_order=0
[    0.605096] zbud: loaded
[    0.605977] squashfs: version 4.0 (2009/01/31) Phillip Lougher
[    0.607248] fuse init (API version 7.26)
[    0.610615] Key type asymmetric registered
[    0.611460] Asymmetric key parser 'x509' registered
[    0.612473] Block layer SCSI generic (bsg) driver version 0.4 loaded (major 246)
[    0.613905] io scheduler noop registered
[    0.614650] io scheduler deadline registered
[    0.615450] io scheduler cfq registered (default)
[    0.616945] ACPI: AC Adapter [AC] (off-line)
[    0.618080] input: Power Button as /devices/LNXSYSTM:00/LNXPWRBN:00/input/input0
[    0.619903] ACPI: Power Button [PWRF]
[    0.620758] input: Sleep Button as /devices/LNXSYSTM:00/LNXSLPBN:00/input/input1
[    0.622131] ACPI: Sleep Button [SLPF]
[    0.624203] Serial: 8250/16550 driver, 32 ports, IRQ sharing enabled
[    0.624462] ACPI: Battery Slot [BAT0] (battery present)
[    0.646871] 00:02: ttyS0 at I/O 0x3f8 (irq = 4, base_baud = 115200) is a 16550A
[    0.649245] Linux agpgart interface v0.103
[    0.653003] loop: module loaded
[    0.654094] scsi host0: ata_piix
[    0.655006] scsi host1: ata_piix
[    0.655712] ata1: PATA max UDMA/33 cmd 0x1f0 ctl 0x3f6 bmdma 0xd000 irq 14
[    0.657072] ata2: PATA max UDMA/33 cmd 0x170 ctl 0x376 bmdma 0xd008 irq 15
[    0.658584] libphy: Fixed MDIO Bus: probed
[    0.659600] tun: Universal TUN/TAP device driver, 1.6
[    0.660578] PPP generic driver version 2.4.2
[    0.661415] ehci_hcd: USB 2.0 'Enhanced' Host Controller (EHCI) Driver
[    0.662612] ehci-pci: EHCI PCI platform driver
[    0.663430] ehci-platform: EHCI generic platform driver
[    0.664421] ohci_hcd: USB 1.1 'Open' Host Controller (OHCI) Driver
[    0.665584] ohci-pci: OHCI PCI platform driver
[    0.666609] ohci-platform: OHCI generic platform driver
[    0.667889] uhci_hcd: USB Universal Host Controller Interface driver
[    0.669615] i8042: PNP: PS/2 Controller [PNP0303:PS2K,PNP0f03:PS2M] at 0x60,0x64 irq 1,12
[    0.672152] serio: i8042 KBD port at 0x60,0x64 irq 1
[    0.673193] serio: i8042 AUX port at 0x60,0x64 irq 12
[    0.674164] mousedev: PS/2 mouse device common for all mice
[    0.675362] input: AT Translated Set 2 keyboard as /devices/platform/i8042/serio0/input/input2
[    0.677579] rtc_cmos rtc_cmos: rtc core: registered rtc_cmos as rtc0
[    0.678885] rtc_cmos rtc_cmos: alarms up to one day, 114 bytes nvram
[    0.680045] i2c /dev entries driver
[    0.680751] device-mapper: uevent: version 1.0.3
[    0.681790] device-mapper: ioctl: 4.37.0-ioctl (2017-09-20) initialised: dm-devel@redhat.com
[    0.683896] ledtrig-cpu: registered to indicate activity on CPUs
[    0.685483] NET: Registered protocol family 10
[    0.689314] Segment Routing with IPv6
[    0.690011] NET: Registered protocol family 17
[    0.690878] Key type dns_resolver registered
[    0.691828] mce: Using 0 MCE banks
[    0.692514] RAS: Correctable Errors collector initialized.
[    0.693504] sched_clock: Marking stable (692499953, 0)->(860608204, -168108251)
[    0.695311] registered taskstats version 1
[    0.696084] Loading compiled-in X.509 certificates
[    0.698824] Loaded X.509 cert 'Build time autogenerated kernel key: 399a566a2ea98257ce6f7132c633527e9761cd56'
[    0.700639] zswap: loaded using pool lzo/zbud
[    0.704294] Key type big_key registered
[    0.705008] Key type trusted registered
[    0.706988] Key type encrypted registered
[    0.707715] AppArmor: AppArmor sha1 policy hashing enabled
[    0.708805] ima: No TPM chip found, activating TPM-bypass! (rc=-19)
[    0.709949] ima: Allocated hash algorithm: sha1
[    0.710926] evm: HMAC attrs: 0x1
[    0.711791]   Magic number: 9:702:190
[    0.712687] rtc_cmos rtc_cmos: setting system clock to 2021-02-16 18:11:58 UTC (1613499118)
[    0.714500] BIOS EDD facility v0.16 2004-Jun-25, 0 devices found
[    0.715811] EDD information not available.
[    0.842394] Freeing unused kernel image memory: 2440K
[    1.147553] Write protecting the kernel read-only data: 20480k
[    1.149084] Freeing unused kernel image memory: 2008K
[    1.150248] Freeing unused kernel image memory: 1868K
[    1.158142] x86/mm: Checked W+X mappings: passed, no W+X pages found.
[    1.159326] x86/mm: Checking user space page tables
[    1.167168] x86/mm: Checked W+X mappings: passed, no W+X pages found.
Loading, please wait...
starting version 237
[    1.223590] e1000: Intel(R) PRO/1000 Network Driver - version 7.3.21-k8-NAPI
[    1.224902] e1000: Copyright (c) 1999-2006 Intel Corporation.
[    1.231244] Fusion MPT base driver 3.04.20
[    1.232452] Copyright (c) 1999-2008 LSI Corporation
[    1.243083] Fusion MPT SPI Host driver 3.04.20
[    1.247581] AVX2 version of gcm_enc/dec engaged.
[    1.248475] AES CTR mode by8 optimization enabled
[    1.442620] input: ImExPS/2 Generic Explorer Mouse as /devices/platform/i8042/serio1/input/input4
[    1.620157] e1000 0000:00:03.0 eth0: (PCI:33MHz:32-bit) 02:54:31:68:18:3c
[    1.621411] e1000 0000:00:03.0 eth0: Intel(R) PRO/1000 Network Connection
[    2.905266] e1000 0000:00:08.0 eth1: (PCI:33MHz:32-bit) 08:00:27:da:e6:80
[    2.906525] e1000 0000:00:08.0 eth1: Intel(R) PRO/1000 Network Connection
[    2.908781] e1000 0000:00:03.0 enp0s3: renamed from eth0
[    2.912284] mptbase: ioc0: Initiating bringup
[    2.933435] e1000 0000:00:08.0 enp0s8: renamed from eth1
[    3.020225] ioc0: LSI53C1030 A0: Capabilities={Initiator}
[    3.262371] scsi host2: ioc0: LSI53C1030 A0, FwRev=00000000h, Ports=1, MaxQ=256, IRQ=20
[    3.428941] scsi 2:0:0:0: Direct-Access     VBOX     HARDDISK         1.0  PQ: 0 ANSI: 5
[    3.460485] scsi target2:0:0: Beginning Domain Validation
[    3.463396] scsi target2:0:0: Domain Validation skipping write tests
[    3.464683] scsi target2:0:0: Ending Domain Validation
[    3.465701] scsi target2:0:0: asynchronous
[    3.467839] scsi 2:0:1:0: Direct-Access     VBOX     HARDDISK         1.0  PQ: 0 ANSI: 5
[    3.500061] scsi target2:0:1: Beginning Domain Validation
[    3.502456] random: fast init done
[    3.503560] scsi target2:0:1: Domain Validation skipping write tests
[    3.505045] scsi target2:0:1: Ending Domain Validation
[    3.506097] scsi target2:0:1: asynchronous
[    3.510776] random: systemd-udevd: uninitialized urandom read (16 bytes read)
[    3.510814] sd 2:0:0:0: Attached scsi generic sg0 type 0
[    3.512348] random: systemd-udevd: uninitialized urandom read (16 bytes read)
[    3.513766] sd 2:0:1:0: Attached scsi generic sg1 type 0
[    3.514997] random: systemd-udevd: uninitialized urandom read (16 bytes read)
[    3.518208] sd 2:0:1:0: [sdb] 20480 512-byte logical blocks: (10.5 MB/10.0 MiB)
[    3.518255] sd 2:0:0:0: [sda] 83886080 512-byte logical blocks: (42.9 GB/40.0 GiB)
[    3.519678] sd 2:0:1:0: [sdb] Write Protect is off
[    3.521932] sd 2:0:0:0: [sda] Write Protect is off
[    3.522048] sd 2:0:1:0: [sdb] Incomplete mode parameter data
[    3.524355] sd 2:0:1:0: [sdb] Assuming drive cache: write through
[    3.526214] sd 2:0:0:0: [sda] Incomplete mode parameter data
[    3.527789] sd 2:0:0:0: [sda] Assuming drive cache: write through
[    3.527914] sd 2:0:1:0: [sdb] Attached SCSI disk
[    3.533665]  sda: sda1
[    3.535130] sd 2:0:0:0: [sda] Attached SCSI disk
Begin: Loading essential drivers ... [    4.944077] raid6: sse2x1   gen() 11723 MB/s
[    4.996409] raid6: sse2x1   xor()  7224 MB/s
[    5.044189] raid6: sse2x2   gen() 14925 MB/s
[    5.092899] raid6: sse2x2   xor()  9826 MB/s
[    5.144061] raid6: sse2x4   gen() 15373 MB/s
[    5.192386] raid6: sse2x4   xor()  9956 MB/s
[    5.242914] raid6: avx2x1   gen() 24258 MB/s
[    5.292945] raid6: avx2x1   xor() 14440 MB/s
[    5.340716] raid6: avx2x2   gen() 28917 MB/s
[    5.388068] raid6: avx2x2   xor() 17634 MB/s
[    5.439264] raid6: avx2x4   gen() 33609 MB/s
[    5.484536] raid6: avx2x4   xor() 19174 MB/s
[    5.485697] raid6: using algorithm avx2x4 gen() 33609 MB/s
[    5.486729] raid6: .... xor() 19174 MB/s, rmw enabled
[    5.487670] raid6: using avx2x2 recovery algorithm
[    5.490074] xor: automatically using best checksumming function   avx       
[    5.492451] async_tx: api initialized (async)
done.
Begin: Running /scripts/init-premount ... done.
Begin: Mounting root file system ... Begin: Running /scripts/local-top ... done.
Begin: Running /scripts/local-premount ... [    5.531835] Btrfs loaded, crc32c=crc32c-intel
Scanning for Btrfs filesystems
done.
Warning: fsck not present, so skipping root file system
[    5.555148] EXT4-fs (sda1): mounted filesystem with ordered data mode. Opts: (null)
done.
Begin: Running /scripts/local-bottom ... done.
Begin: Running /scripts/init-bottom ... done.
[    5.695119] ip_tables: (C) 2000-2006 Netfilter Core Team
[    5.704109] systemd[1]: systemd 237 running in system mode. (+PAM +AUDIT +SELINUX +IMA +APPARMOR +SMACK +SYSVINIT +UTMP +LIBCRYPTSETUP +GCRYPT +GNUTLS +ACL +XZ +LZ4 +SECCOMP +BLKID +ELFUTILS +KMOD -IDN2 +IDN -PCRE2 default-hierarchy=hybrid)
[    5.707916] systemd[1]: Detected virtualization oracle.
[    5.708981] systemd[1]: Detected architecture x86-64.

Welcome to [1mUbuntu 18.04.5 LTS[0m!

[    5.714190] systemd[1]: Set hostname to <ubuntu>.
[    5.718885] systemd[1]: Initializing machine ID from random generator.
[    5.720128] systemd[1]: Installed transient /etc/machine-id file.
[    5.942507] systemd[1]: Reached target System Time Synchronized.
[[0;32m  OK  [0m] Reached target System Time Synchronized.
[    5.944672] systemd[1]: Reached target Swap.
[[0;32m  OK  [0m] Reached target Swap.
[    5.949146] systemd[1]: Created slice User and Session Slice.
[[0;32m  OK  [0m] Created slice User and Session Slice.
[    5.951525] systemd[1]: Started Forward Password Requests to Wall Directory Watch.
[[0;32m  OK  [0m] Started Forward Password Requests to Wall Directory Watch.
[[0;32m  OK  [0m] Set up automount Arbitrary Executabâ€¦rmats File System Automount Point.
[[0;32m  OK  [0m] Created slice System Slice.
[[0;32m  OK  [0m] Listening on LVM2 metadata daemon socket.
[[0;32m  OK  [0m] Created slice system-serial\x2dgetty.slice.
[[0;32m  OK  [0m] Listening on Journal Socket (/dev/log).
[[0;32m  OK  [0m] Listening on Device-mapper event daemon FIFOs.
[[0;32m  OK  [0m] Reached target Slices.
[[0;32m  OK  [0m] Listening on /dev/initctl Compatibility Named Pipe.
[[0;32m  OK  [0m] Listening on udev Control Socket.
[[0;32m  OK  [0m] Listening on Journal Audit Socket.
[[0;32m  OK  [0m] Listening on Journal Socket.
         Starting Remount Root and Kernel File Systems...
         Starting Set the console keyboard layout...
         Starting Load Kernel Modules...
         Starting Monitoring of LVM2 mirrorsâ€¦ng dmeventd or progress polling...
         Mounting POSIX Message Queue File System...
[[0;32m  OK  [0m] Listening on LVM2 poll daemon socket.
         Mounting Huge Pages File System...
         Starting Uncomplicated firewall...
[[0;32m  OK  [0m] Listening on udev Kernel Socket.
         Starting Create list of required stâ€¦ce nodes for the current kernel...
         Mounting Kernel Debug File System...
[[0;32m  OK  [0m] Listening on Network Service Netlink Socket.
[[0;32m  OK  [0m] Reached target User and Group Name Lookups.
         Starting udev Coldplug all Devices...
[[0;32m  OK  [0m] Listening on Syslog Socket.
         Starting Journal Service...
[    6.008188] Loading iSCSI transport class v2.0-870.
[    6.013910] iscsi: registered transport (tcp)
[    6.029678] iscsi: registered transport (iser)
[[0;32m  OK  [0m] Started Load Kernel Modules.
         Mounting FUSE Control File System...
         Starting Apply Kernel Variables...
         Mounting Kernel Configuration File System...
[[0;32m  OK  [0m] Started LVM2 metadata daemon.
[[0;32m  OK  [0m] Started Uncomplicated firewall.
[[0;32m  OK  [0m] Started Create list of required staâ€¦vice nodes for the current kernel.
         Starting Create Static Device Nodes in /dev...
[[0;32m  OK  [0m] Mounted POSIX Message Queue File System.
[[0;32m  OK  [0m] Mounted Huge Pages File System.
[[0;32m  OK  [0m] Mounted Kernel Debug File System.
[[0;32m  OK  [0m] Mounted FUSE Control File System.
[[0;32m  OK  [0m] Mounted Kernel Configuration File System.
[[0;32m  OK  [0m] Started Journal Service.
[[0;32m  OK  [0m] Started udev Coldplug all Devices.
[[0;32m  OK  [0m] Started Create Static Device Nodes in /dev.
[[0;32m  OK  [0m] Started Remount Root and Kernel File Systems.
         Starting Load/Save Random Seed...
         Starting udev Kernel Device Manager...
         Starting Flush Journal to Persistent Storage...
[[0;32m  OK  [0m] Started Apply Kernel Variables.
[[0;32m  OK  [0m] Started Load/Save Random Seed.
[[0;32m  OK  [0m] Started Monitoring of LVM2 mirrors,â€¦sing dmeventd or progress polling.
[[0;32m  OK  [0m] Started udev Kernel Device Manager.
[[0;32m  OK  [0m] Started Set the console keyboard layout.
[[0;32m  OK  [0m] Started Dispatch Password Requests to Console Directory Watch.
[[0;32m  OK  [0m] Reached target Local Encrypted Volumes.
[[0;32m  OK  [0m] Reached target Local File Systems (Pre).
[[0;32m  OK  [0m] Reached target Local File Systems.
         Starting Tell Plymouth To Write Out Runtime Data...
         Starting Commit a transient machine-id on disk...
         Starting Set console font and keymap...
         Starting ebtables ruleset management...
         Starting AppArmor initialization...
[[0;32m  OK  [0m] Started Flush Journal to Persistent Storage.
         Starting Create Volatile Files and Directories...
[[0;32m  OK  [0m] Started Tell Plymouth To Write Out Runtime Data.
[[0;32m  OK  [0m] Started Set console font and keymap.
[[0;32m  OK  [0m] Started Create Volatile Files and Directories.
         Starting Update UTMP about System Boot/Shutdown...
[[0;32m  OK  [0m] Started Update UTMP about System Boot/Shutdown.
[[0;32m  OK  [0m] Started Commit a transient machine-id on disk.
[[0;32m  OK  [0m] Started ebtables ruleset management.
[[0;32m  OK  [0m] Found device /dev/ttyS0.
[[0;32m  OK  [0m] Listening on Load/Save RF Kill Switch Status /dev/rfkill Watch.
[[0;32m  OK  [0m] Started AppArmor initialization.
         Starting Load AppArmor profiles managed internally by snapd...
         Starting Initial cloud-init job (pre-networking)...
[[0;32m  OK  [0m] Started Load AppArmor profiles managed internally by snapd.
[    7.917142] cloud-init[573]: Cloud-init v. 20.4.1-0ubuntu1~18.04.1 running 'init-local' at Tue, 16 Feb 2021 18:12:05 +0000. Up 7.64 seconds.
[[0;32m  OK  [0m] Started Initial cloud-init job (pre-networking).
[[0;32m  OK  [0m] Reached target Network (Pre).
         Starting Network Service...
[[0;32m  OK  [0m] Started Network Service.
         Starting Network Name Resolution...
         Starting Wait for Network to be Configured...
[[0;32m  OK  [0m] Started Network Name Resolution.
[[0;32m  OK  [0m] Reached target Host and Network Name Lookups.
[[0;32m  OK  [0m] Reached target Network.
[[0;32m  OK  [0m] Started Wait for Network to be Configured.
         Starting Initial cloud-init job (metadata service crawler)...
[   10.291071] cloud-init[683]: Cloud-init v. 20.4.1-0ubuntu1~18.04.1 running 'init' at Tue, 16 Feb 2021 18:12:07 +0000. Up 10.17 seconds.
[   10.292989] cloud-init[683]: ci-info: ++++++++++++++++++++++++++++++++++++++Net device info+++++++++++++++++++++++++++++++++++++++
[   10.294793] cloud-init[683]: ci-info: +--------+-------+----------------------------+---------------+--------+-------------------+
[   10.296583] cloud-init[683]: ci-info: | Device |   Up  |          Address           |      Mask     | Scope  |     Hw-Address    |
[   10.298599] cloud-init[683]: ci-info: +--------+-------+----------------------------+---------------+--------+-------------------+
[   10.300524] cloud-init[683]: ci-info: | enp0s3 |  True |         10.0.2.15          | 255.255.255.0 | global | 02:54:31:68:18:3c |
[   10.302346] cloud-init[683]: ci-info: | enp0s3 |  True | fe80::54:31ff:fe68:183c/64 |       .       |  link  | 02:54:31:68:18:3c |
[   10.304181] cloud-init[683]: ci-info: | enp0s8 | False |             .              |       .       |   .    | 08:00:27:da:e6:80 |
[   10.306020] cloud-init[683]: ci-info: |   lo   |  True |         127.0.0.1          |   255.0.0.0   |  host  |         .         |
[   10.308208] cloud-init[683]: ci-info: |   lo   |  True |          ::1/128           |       .       |  host  |         .         |
[   10.310153] cloud-init[683]: ci-info: +--------+-------+----------------------------+---------------+--------+-------------------+
[   10.312196] cloud-init[683]: ci-info: ++++++++++++++++++++++++++++Route IPv4 info+++++++++++++++++++++++++++++
[   10.313679] cloud-init[683]: ci-info: +-------+-------------+----------+-----------------+-----------+-------+
[   10.315223] cloud-init[683]: ci-info: | Route | Destination | Gateway  |     Genmask     | Interface | Flags |
[   10.316774] cloud-init[683]: ci-info: +-------+-------------+----------+-----------------+-----------+-------+
[   10.318256] cloud-init[683]: ci-info: |   0   |   0.0.0.0   | 10.0.2.2 |     0.0.0.0     |   enp0s3  |   UG  |
[   10.319782] cloud-init[683]: ci-info: |   1   |   10.0.2.0  | 0.0.0.0  |  255.255.255.0  |   enp0s3  |   U   |
[   10.321311] cloud-init[683]: ci-info: |   2   |   10.0.2.2  | 0.0.0.0  | 255.255.255.255 |   enp0s3  |   UH  |
[   10.322796] cloud-init[683]: ci-info: +-------+-------------+----------+-----------------+-----------+-------+
[   10.324316] cloud-init[683]: ci-info: +++++++++++++++++++Route IPv6 info+++++++++++++++++++
[   10.325517] cloud-init[683]: ci-info: +-------+-------------+---------+-----------+-------+
[   10.326814] cloud-init[683]: ci-info: | Route | Destination | Gateway | Interface | Flags |
[   10.328705] cloud-init[683]: ci-info: +-------+-------------+---------+-----------+-------+
[   10.330026] cloud-init[683]: ci-info: |   1   |  fe80::/64  |    ::   |   enp0s3  |   U   |
[   10.331338] cloud-init[683]: ci-info: |   3   |    local    |    ::   |   enp0s3  |   U   |
[   10.332851] cloud-init[683]: ci-info: |   4   |   ff00::/8  |    ::   |   enp0s3  |   U   |
[   10.334228] cloud-init[683]: ci-info: +-------+-------------+---------+-----------+-------+
[   10.913477] cloud-init[683]: Generating public/private rsa key pair.
[   10.914664] cloud-init[683]: Your identification has been saved in /etc/ssh/ssh_host_rsa_key.
[   10.915985] cloud-init[683]: Your public key has been saved in /etc/ssh/ssh_host_rsa_key.pub.
[   10.917423] cloud-init[683]: The key fingerprint is:
[   10.918724] cloud-init[683]: SHA256:T+0j3KCpNMELh6cgXemn8fS0+gZ7+Raq/LOsZzWlEf0 root@ubuntu-bionic
[   10.919998] cloud-init[683]: The key's randomart image is:
[   10.921130] cloud-init[683]: +---[RSA 2048]----+
[   10.932407] cloud-init[683]: |           .     |
[   10.933622] cloud-init[683]: |     .    . .    |
[   10.935053] cloud-init[683]: |    o      . .   |
[   10.936369] cloud-init[683]: | . o o    ... E  |
[   10.937660] cloud-init[683]: |. o = B S o+.    |
[   10.938440] cloud-init[683]: | . . @.= B=+     |
[   10.939480] cloud-init[683]: |    o =o=++o+    |
[   10.940881] cloud-init[683]: |     o.=O .. .   |
[   10.941940] cloud-init[683]: |      *X==.      |
[   10.942970] cloud-init[683]: +----[SHA256]-----+
[   10.943715] cloud-init[683]: Generating public/private dsa key pair.
[   10.944925] cloud-init[683]: Your identification has been saved in /etc/ssh/ssh_host_dsa_key.
[   10.946253] cloud-init[683]: Your public key has been saved in /etc/ssh/ssh_host_dsa_key.pub.
[   10.947565] cloud-init[683]: The key fingerprint is:
[   10.948605] cloud-init[683]: SHA256:us5LqfzfvT/BqaXoa1cOB57U/HC/QXedIwgN36bhOvQ root@ubuntu-bionic
[   10.950144] cloud-init[683]: The key's randomart image is:
[   10.951121] cloud-init[683]: +---[DSA 1024]----+
[   10.951946] cloud-init[683]: |         .o      |
[   10.953736] cloud-init[683]: |         ....    |
[   10.954796] cloud-init[683]: |          .o.=  o|[
[0;32m  OK  [0m[   10.956587] cloud-init[683]: |          ..*.++=|
[   10.956838] cloud-init[683]: |        S. = +o==|
[   10.957387] cloud-init[683]: |       o. o + B.o|
[   10.958379] cloud-init[683]: |      +  o E O .o|
[   10.958681] cloud-init[683]: |   . + . .+.+ o. |
[   10.959205] cloud-init[683]: |    oo*o.o+ooo.. |
[   10.959978] cloud-init[683]: +----[SHA256]-----+
[   10.960783] cloud-init[683]: Generating public/private ecdsa key pair.
[   10.961623] cloud-init[683]: Your identification has been saved in /etc/ssh/ssh_host_ecdsa_key.
[   10.962160] cloud-init[683]: Your public key has been saved in /etc/ssh/ssh_host_ecdsa_key.pub.
[   10.963187] cloud-init[683]: The key fingerprint is:
[   10.964620] cloud-init[683]: SHA256:jJZbMQoQ1zgxvLOb6gkhhJcP/S4aVfEDTt8bH9CYXTQ root@ubuntu-bionic
[   10.965372] cloud-init[683]: The key's randomart image is:
[   10.965915] cloud-init[683]: +---[ECDSA 256]---+
[   10.966491] cloud-init[683]: |  oo+++   .= oE  |
[   10.967057] cloud-init[683]: |.  =++.= .o.o  . |
[   10.967869] cloud-init[683]: |..+ ooo * o .    |
[   10.968456] cloud-init[683]: |.. oo+ = + + .   |
[   10.969235] cloud-init[683]: |o   oo* S . .    |
[   10.970176] cloud-init[683]: |.. ..o o         |
[   10.970318] cloud-init[683]: |. . .oo          |
[   10.971296] cloud-init[683]: | . +o.           |
[   10.971864] cloud-init[683]: | .=.             |
[   10.972466] cloud-init[683]: +----[SHA256]-----+
[   10.973056] cloud-init[683]: Generating public/private ed25519 key pair.
[   10.973622] cloud-init[683]: Your identification has been saved in /etc/ssh/ssh_host_ed25519_key.
[   10.974182] cloud-init[683]: Your public key has been saved in /etc/ssh/ssh_host_ed25519_key.pub.
[   10.974758] cloud-init[683]: The key fingerprint is:
[   10.975529] cloud-init[683]: SHA256:BoVdsAo/d7PeCgwR7iTBIU5RC4TZNWczo1i/awQBroU root@ubuntu-bionic
[   10.976486] cloud-init[683]: The key's randomart image is:
[   10.977021] cloud-init[683]: +--[ED25519 256]--+
[   10.977591] cloud-init[683]: | =B*O.Booo.      |
[   10.978156] cloud-init[683]: |o=.=.@.*..       |
[   10.978717] cloud-init[683]: |E = * * .        |
[   10.979273] cloud-init[683]: | o   B =         |
[   10.979849] cloud-init[683]: |.     O S o      |
[   10.980069] cloud-init[683]: |     . B . o     |
[   10.980627] cloud-init[683]: |      o o .      |
[   10.981193] cloud-init[683]: |     .   o .     |
[   10.981772] cloud-init[683]: |          o..    |
[   10.982316] cloud-init[683]: +----[SHA256]-----+
] Started Initial cloud-init job (metadata service crawler).
[[0;32m  OK  [0m] Reached target Network is Online.
[[0;32m  OK  [0m] Reached target Remote File Systems (Pre).
[[0;32m  OK  [0m] Reached target Remote File Systems.
         Starting Availability of block devices...
[[0;32m  OK  [0m] Reached target Cloud-config availability.
[[0;32m  OK  [0m] Reached target System Initialization.
[[0;32m  OK  [0m] Started ACPI Events Check.
[[0;32m  OK  [0m] Started Daily apt download activities.
         Starting Socket activation for snappy daemon.
[[0;32m  OK  [0m] Started Daily apt upgrade and clean activities.
[[0;32m  OK  [0m] Listening on Open-iSCSI iscsid Socket.
         Starting LXD - unix socket.
[[0;32m  OK  [0m] Reached target Paths.
[[0;32m  OK  [0m] Listening on ACPID Listen Socket.
[[0;32m  OK  [0m] Started Daily Cleanup of Temporary Directories.
[[0;32m  OK  [0m] Listening on UUID daemon activation socket.
[[0;32m  OK  [0m] Started Message of the Day.
[[0;32m  OK  [0m] Listening on D-Bus System Message Bus Socket.
[[0;32m  OK  [0m] Started Discard unused blocks once a week.
[[0;32m  OK  [0m] Reached target Timers.
[[0;32m  OK  [0m] Listening on Socket activation for snappy daemon.
[[0;32m  OK  [0m] Listening on LXD - unix socket.
[[0;32m  OK  [0m] Started Availability of block devices.
[[0;32m  OK  [0m] Reached target Sockets.
[[0;32m  OK  [0m] Reached target Basic System.
         Starting Virtualbox guest utils...
         Starting Pollinate to seed the pseudo random number generator...
         Starting Dispatcher daemon for systemd-networkd...
         Starting System Logging Service...
         Starting Accounts Service...
         Starting Permit User Sessions...
[[0;32m  OK  [0m] Started Regular background program processing daemon.
         Starting Login Service...
         Starting LSB: automatic crash report generation...
[[0;32m  OK  [0m] Started Deferred execution scheduler.
         Starting LXD - container startup/shutdown...
[[0;32m  OK  [0m] Started FUSE filesystem for LXC.
         Starting LSB: Record successful boot for GRUB...
         Starting Snap Daemon...
[[0;32m  OK  [0m] Started irqbalance daemon.
[[0;32m  OK  [0m] Started D-Bus System Message Bus.
[[0;32m  OK  [0m] Started Login Service.
[[0;32m  OK  [0m] Started Unattended Upgrades Shutdown.
[[0;32m  OK  [0m] Started System Logging Service.
[[0;32m  OK  [0m] Started Permit User Sessions.
         Starting Hold until boot process finishes up...
         Starting Terminate Plymouth Boot Screen...
[[0;32m  OK  [0m] Started Hold until boot process finishes up.
         Starting Set console scheme...
[[0;32m  OK  [0m] Started Serial Getty on ttyS0.
[[0;32m  OK  [0m] Started Terminate Plymouth Boot Screen.
[[0;32m  OK  [0m] Started Set console scheme.
[[0;32m  OK  [0m] Created slice system-getty.slice.
[[0;32m  OK  [0m] Started Getty on tty1.
[[0;32m  OK  [0m] Reached target Login Prompts.
[[0;32m  OK  [0m] Started LXD - container startup/shutdown.
[[0;32m  OK  [0m] Started LSB: automatic crash report generation.
[[0;32m  OK  [0m] Started LSB: Record successful boot for GRUB.
         Starting Authorization Manager...
[[0;32m  OK  [0m] Started Authorization Manager.
[[0;32m  OK  [0m] Started Accounts Service.
[[0;32m  OK  [0m] Started Virtualbox guest utils.
[[0;32m  OK  [0m] Started Dispatcher daemon for systemd-networkd.
[[0;32m  OK  [0m] Started Snap Daemon.
         Starting Wait until snapd is fully seeded...
[[0;32m  OK  [0m] Started Pollinate to seed the pseudo random number generator.
         Starting OpenBSD Secure Shell server...
[[0;32m  OK  [0m] Started OpenBSD Secure Shell server.
[[0;32m  OK  [0m] Created slice User Slice of vagrant.
         Starting User Manager for UID 1000...
[[0;32m  OK  [0m] Started Session 1 of user vagrant.
[[0;32m  OK  [0m] Started User Manager for UID 1000.
[[0;32m  OK  [0m] Started Session 3 of user vagrant.
         Starting Hostname Service...

Ubuntu 18.04.5 LTS kubenode02 ttyS0

kubenode02 login: [   18.247504] cloud-init[1933]: Cloud-init v. 20.4.1-0ubuntu1~18.04.1 running 'modules:config' at Tue, 16 Feb 2021 18:12:15 +0000. Up 17.90 seconds.
ci-info: no authorized SSH keys fingerprints found for user ubuntu.
<14>Feb 16 18:12:16 ec2: 
<14>Feb 16 18:12:16 ec2: #############################################################
<14>Feb 16 18:12:16 ec2: -----BEGIN SSH HOST KEY FINGERPRINTS-----
<14>Feb 16 18:12:16 ec2: 1024 SHA256:us5LqfzfvT/BqaXoa1cOB57U/HC/QXedIwgN36bhOvQ root@ubuntu-bionic (DSA)
<14>Feb 16 18:12:16 ec2: 256 SHA256:jJZbMQoQ1zgxvLOb6gkhhJcP/S4aVfEDTt8bH9CYXTQ root@ubuntu-bionic (ECDSA)
<14>Feb 16 18:12:16 ec2: 256 SHA256:BoVdsAo/d7PeCgwR7iTBIU5RC4TZNWczo1i/awQBroU root@ubuntu-bionic (ED25519)
<14>Feb 16 18:12:16 ec2: 2048 SHA256:T+0j3KCpNMELh6cgXemn8fS0+gZ7+Raq/LOsZzWlEf0 root@ubuntu-bionic (RSA)
<14>Feb 16 18:12:16 ec2: -----END SSH HOST KEY FINGERPRINTS-----
<14>Feb 16 18:12:16 ec2: #############################################################
-----BEGIN SSH HOST KEY KEYS-----
ecdsa-sha2-nistp256 AAAAE2VjZHNhLXNoYTItbmlzdHAyNTYAAAAIbmlzdHAyNTYAAABBBAXv4Xbr0AAvlx6tvo+6eedkdcNVK+n4019zBd46vdXHhes/p8Wuo0sWi6CaIjs+zurw41vxGOLhcbtlD4vGEOM= root@ubuntu-bionic
ssh-ed25519 AAAAC3NzaC1lZDI1NTE5AAAAIAOjlJt53T7vQYISsXuJdR9h+Ca2BlWYmlGj9GEDHf/9 root@ubuntu-bionic
ssh-rsa AAAAB3NzaC1yc2EAAAADAQABAAABAQC1iTgGgMlZjMeU1ItY0Wx89UD6JKSk6QPc1ro5aQv3nWbaYlPJgSAsbI5/3dp+5C8iKK/+2UGZUy/Y+ziqJyiotW7EM0mauWhlEaLCRuB9VtZ8z0EkjJRxjx4niTMuIVwmR55uMByxzKfX6FebC4HsZhraF4gV5Qfm747k/hDF/uCyFlHXWLnn+z2CnmT4jXlMBFlBLbSnK8K5ntugCghJQCxXDAmNCJK6K7Zc5DJZHjKhF1Ezj+kwCdoBYEjGx7IH2bzmd1e0sX1NB1jDc3IZTp04e6EFwxT3nelOOWMk2azzFUX2STiiAoR/GbwLltQskvzM7O+pcWFs5NluQLZ5 root@ubuntu-bionic
-----END SSH HOST KEY KEYS-----
[   18.744476] cloud-init[2080]: Cloud-init v. 20.4.1-0ubuntu1~18.04.1 running 'modules:final' at Tue, 16 Feb 2021 18:12:16 +0000. Up 18.61 seconds.
[   18.746445] cloud-init[2080]: ci-info: no authorized SSH keys fingerprints found for user ubuntu.
[   18.747822] cloud-init[2080]: Cloud-init v. 20.4.1-0ubuntu1~18.04.1 finished at Tue, 16 Feb 2021 18:12:16 +0000. Datasource DataSourceNoCloud [seed=/dev/sdb][dsmode=net].  Up 18.73 seconds
